../Core/Src/main.c:78:5:main	8	static
../Core/Src/main.c:141:6:SystemClock_Config	96	static
../Core/Src/main.c:202:13:MX_ADC1_Init	32	static
../Core/Src/main.c:260:13:MX_DAC1_Init	48	static
../Core/Src/main.c:303:13:MX_TIM6_Init	24	static
../Core/Src/main.c:341:13:MX_USART2_UART_Init	8	static
../Core/Src/main.c:376:13:MX_GPIO_Init	40	static
../Core/Src/main.c:402:6:HAL_TIM_PeriodElapsedCallback	64	static
../Core/Src/main.c:440:5:map	24	static
../Core/Src/main.c:449:6:Error_Handler	4	static,ignoring_inline_asm
